brake 2
by 2
baby 3
bag 3
base 3
be 3
because 3
bent 3
bomb 3
box 3
bell 4
bellman 4
belltower 4